{"L": 30, "iv": [[0, 6]], "h": 0.06, "seed": 66, "stage1": {"e": -0.656719720598255, "m": 0.0044444444444444444}, "e": -0.6562279251824091, "m": 0.013333333333333334, "F": -0.6570279251824092, "deg": {"3": 85, "4": 730, "5": 85}, "pkl": "fa_30_6_0.06_66.pkl", "t": 108.37867021560669}
{"L": 30, "iv": [], "h": 0.06, "seed": 65, "stage1": {"e": -0.6564300106023423, "m": 0.008888888888888889}, "e": -0.6561855904154349, "m": 0.013333333333333334, "F": -0.6569855904154349, "deg": {"3": 90, "4": 720, "5": 90}, "pkl": "fa_30_dice_0.06_65.pkl", "t": 110.7224509716034}
{"L": 30, "iv": [[0, 18]], "h": 0.06, "seed": 68, "stage1": {"e": -0.6571008377069565, "m": 0.006666666666666667}, "e": -0.6568612985675648, "m": 0.011111111111111112, "F": -0.6575279652342315, "deg": {"3": 52, "4": 796, "5": 52}, "pkl": "fa_30_18_0.06_68.pkl", "t": 108.07867622375488}
{"L": 30, "iv": [[0, 12]], "h": 0.06, "seed": 67, "stage1": {"e": -0.6566852450768408, "m": 0.01}, "e": -0.6565550910842837, "m": 0.012222222222222223, "F": -0.6572884244176169, "deg": {"3": 69, "4": 762, "5": 69}, "pkl": "fa_30_12_0.06_67.pkl", "t": 109.118417263031}
{"L": 30, "iv": [[0, 24]], "h": 0.06, "seed": 69, "stage1": {"e": -0.6576154955457357, "m": 0.0033333333333333335}, "e": -0.6574294961313337, "m": 0.006666666666666667, "F": -0.6578294961313337, "deg": {"3": 26, "4": 848, "5": 26}, "pkl": "fa_30_24_0.06_69.pkl", "t": 137.04901719093323}
{"L": 30, "iv": [], "h": 0.09, "seed": 70, "stage1": {"e": -0.6535084196121693, "m": 0.042222222222222223}, "e": -0.653808484414804, "m": 0.03888888888888889, "F": -0.6573084844148039, "deg": {"3": 171, "4": 558, "5": 171}, "pkl": "fa_30_dice_0.09_70.pkl", "t": 143.23479557037354}
{"L": 30, "iv": [[0, 6]], "h": 0.09, "seed": 71, "stage1": {"e": -0.6537969919802882, "m": 0.04}, "e": -0.6538144924078152, "m": 0.04, "F": -0.6574144924078152, "deg": {"3": 166, "4": 569, "5": 164, "6": 1}, "pkl": "fa_30_6_0.09_71.pkl", "t": 112.45012831687927}
{"L": 30, "iv": [[0, 12]], "h": 0.09, "seed": 72, "stage1": {"e": -0.6542629147958832, "m": 0.03666666666666667}, "e": -0.6544620833301411, "m": 0.034444444444444444, "F": -0.657562083330141, "deg": {"3": 140, "4": 620, "5": 140}, "pkl": "fa_30_12_0.09_72.pkl", "t": 110.29514336585999}
{"L": 30, "iv": [[0, 24]], "h": 0.09, "seed": 74, "stage1": {"e": -0.6571137538462907, "m": 0.01}, "e": -0.6571137538462907, "m": 0.01, "F": -0.6580137538462906, "deg": {"3": 36, "4": 828, "5": 36}, "pkl": "fa_30_24_0.09_74.pkl", "t": 107.71912622451782}
{"L": 30, "iv": [[0, 18]], "h": 0.09, "seed": 73, "stage1": {"e": -0.655595539646043, "m": 0.024444444444444446}, "e": -0.6556211316253934, "m": 0.024444444444444446, "F": -0.6578211316253935, "deg": {"3": 93, "4": 714, "5": 93}, "pkl": "fa_30_18_0.09_73.pkl", "t": 108.82801508903503}
{"L": 30, "iv": [], "h": 0.11, "seed": 75, "stage1": {"e": -0.6528058108707702, "m": 0.05}, "e": -0.6531843045340998, "m": 0.04666666666666667, "F": -0.6583176378674332, "deg": {"3": 183, "4": 539, "5": 173, "6": 5}, "pkl": "fa_30_dice_0.11_75.pkl", "t": 111.46782946586609}
{"L": 30, "iv": [[0, 6]], "h": 0.11, "seed": 76, "stage1": {"e": -0.6527319835892326, "m": 0.051111111111111114}, "e": -0.6532350509503946, "m": 0.04666666666666667, "F": -0.6583683842837279, "deg": {"3": 180, "4": 545, "5": 170, "6": 5}, "pkl": "fa_30_6_0.11_76.pkl", "t": 112.04849672317505}
{"L": 30, "iv": [[0, 18]], "h": 0.11, "seed": 78, "stage1": {"e": -0.6549209849743918, "m": 0.03111111111111111}, "e": -0.6548436833112005, "m": 0.03222222222222222, "F": -0.6583881277556449, "deg": {"3": 119, "4": 664, "5": 115, "6": 2}, "pkl": "fa_30_18_0.11_78.pkl", "t": 111.663015127182}
{"L": 30, "iv": [[0, 12]], "h": 0.11, "seed": 77, "stage1": {"e": -0.6531052636795285, "m": 0.04666666666666667}, "e": -0.6531152637728829, "m": 0.04666666666666667, "F": -0.6582485971062162, "deg": {"3": 182, "4": 539, "5": 176, "6": 3}, "pkl": "fa_30_12_0.11_77.pkl", "t": 112.45931196212769}
{"L": 30, "iv": [[0, 24]], "h": 0.11, "seed": 79, "stage1": {"e": -0.6561628427881665, "m": 0.01888888888888889}, "e": -0.6561628427881665, "m": 0.01888888888888889, "F": -0.6582406205659443, "deg": {"3": 68, "4": 764, "5": 68}, "pkl": "fa_30_24_0.11_79.pkl", "t": 107.1988627910614}
{"L": 30, "iv": [], "h": 0.13, "seed": 80, "stage1": {"e": -0.6513709877772178, "m": 0.06111111111111111}, "e": -0.6512301574348315, "m": 0.06222222222222222, "F": -0.6593190463237204, "deg": {"3": 244, "4": 426, "5": 216, "6": 14}, "pkl": "fa_30_dice_0.13_80.pkl", "t": 111.45176458358765}
{"L": 30, "iv": [[0, 6]], "h": 0.13, "seed": 81, "stage1": {"e": -0.6512935151495218, "m": 0.06111111111111111}, "e": -0.6511453563601243, "m": 0.06222222222222222, "F": -0.6592342452490132, "deg": {"3": 241, "4": 433, "5": 211, "6": 15}, "pkl": "fa_30_6_0.13_81.pkl", "t": 113.20470380783081}
{"L": 30, "iv": [[0, 12]], "h": 0.13, "seed": 82, "stage1": {"e": -0.6529151482954947, "m": 0.04888888888888889}, "e": -0.6529151482954947, "m": 0.04888888888888889, "F": -0.6592707038510502, "deg": {"3": 184, "4": 539, "5": 170, "6": 7}, "pkl": "fa_30_12_0.13_82.pkl", "t": 112.86892700195312}
{"L": 30, "iv": [[0, 18]], "h": 0.13, "seed": 83, "stage1": {"e": -0.6542727451350117, "m": 0.03666666666666667}, "e": -0.6542727451350117, "m": 0.03666666666666667, "F": -0.6590394118016782, "deg": {"3": 134, "4": 636, "5": 126, "6": 4}, "pkl": "fa_30_18_0.13_83.pkl", "t": 110.83796381950378}
{"L": 30, "iv": [[0, 24]], "h": 0.13, "seed": 84, "stage1": {"e": -0.65601080266177, "m": 0.02}, "e": -0.65601080266177, "m": 0.02, "F": -0.6586108026617701, "deg": {"3": 73, "4": 754, "5": 73}, "pkl": "fa_30_24_0.13_84.pkl", "t": 109.03597593307495}
{"L": 30, "iv": [], "h": 0.15, "seed": 85, "stage1": {"e": -0.6491288360129829, "m": 0.07666666666666666}, "e": -0.6491288360129829, "m": 0.07666666666666666, "F": -0.660628836012983, "deg": {"3": 291, "4": 354, "5": 219, "6": 36}, "pkl": "fa_30_dice_0.15_85.pkl", "t": 115.20435214042664}
{"L": 30, "iv": [[0, 6]], "h": 0.15, "seed": 86, "stage1": {"e": -0.6498115256854109, "m": 0.07222222222222222}, "e": -0.6498115256854109, "m": 0.07222222222222222, "F": -0.6606448590187443, "deg": {"3": 273, "4": 383, "5": 215, "6": 29}, "pkl": "fa_30_6_0.15_86.pkl", "t": 114.92973804473877}
{"L": 30, "iv": [[0, 12]], "h": 0.15, "seed": 87, "stage1": {"e": -0.6513289192784636, "m": 0.06111111111111111}, "e": -0.6513289192784636, "m": 0.06111111111111111, "F": -0.6604955859451302, "deg": {"3": 227, "4": 460, "5": 199, "6": 14}, "pkl": "fa_30_12_0.15_87.pkl", "t": 112.19647669792175}
{"L": 30, "iv": [[0, 18]], "h": 0.15, "seed": 88, "stage1": {"e": -0.6535686588006583, "m": 0.04111111111111111}, "e": -0.6535686588006583, "m": 0.04111111111111111, "F": -0.6597353254673248, "deg": {"3": 152, "4": 605, "5": 134, "6": 9}, "pkl": "fa_30_18_0.15_88.pkl", "t": 111.62895703315735}
{"L": 30, "iv": [[0, 24]], "h": 0.15, "seed": 89, "stage1": {"e": -0.6555500393579963, "m": 0.023333333333333334}, "e": -0.6555500393579963, "m": 0.023333333333333334, "F": -0.6590500393579963, "deg": {"3": 84, "4": 735, "5": 78, "6": 3}, "pkl": "fa_30_24_0.15_89.pkl", "t": 106.74570059776306}
{"L": 30, "iv": [], "h": 0.17, "seed": 90, "stage1": {"e": -0.6449874451249628, "m": 0.10222222222222223}, "e": -0.6449874451249628, "m": 0.10222222222222223, "F": -0.6623652229027405, "deg": {"3": 372, "4": 255, "5": 174, "6": 99}, "pkl": "fa_30_dice_0.17_90.pkl", "t": 112.10833239555359}
{"L": 30, "iv": [[0, 6]], "h": 0.17, "seed": 91, "stage1": {"e": -0.6472300064251392, "m": 0.08888888888888889}, "e": -0.6472300064251392, "m": 0.08888888888888889, "F": -0.6623411175362502, "deg": {"3": 320, "4": 328, "5": 184, "6": 68}, "pkl": "fa_30_6_0.17_91.pkl", "t": 113.06564426422119}
{"L": 30, "iv": [[0, 12]], "h": 0.17, "seed": 92, "stage1": {"e": -0.6503815350526164, "m": 0.06666666666666667}, "e": -0.6505642074225853, "m": 0.06555555555555556, "F": -0.6617086518670297, "deg": {"3": 237, "4": 459, "5": 171, "6": 33}, "pkl": "fa_30_12_0.17_92.pkl", "t": 111.63364005088806}
{"L": 30, "iv": [[0, 18]], "h": 0.17, "seed": 93, "stage1": {"e": -0.653124324495771, "m": 0.044444444444444446}, "e": -0.653124324495771, "m": 0.044444444444444446, "F": -0.6606798800513265, "deg": {"3": 160, "4": 597, "5": 126, "6": 17}, "pkl": "fa_30_18_0.17_93.pkl", "t": 111.24153852462769}
{"L": 30, "iv": [[0, 24]], "h": 0.17, "seed": 94, "stage1": {"e": -0.6556420465254493, "m": 0.023333333333333334}, "e": -0.6556420465254493, "m": 0.023333333333333334, "F": -0.659608713192116, "deg": {"3": 84, "4": 732, "5": 84}, "pkl": "fa_30_24_0.17_94.pkl", "t": 108.75674486160278}
{"L": 30, "iv": [], "h": 0.19, "seed": 95, "stage1": {"e": -0.6331514959255629, "m": 0.16666666666666666}, "e": -0.6331514959255629, "m": 0.16666666666666666, "F": -0.6648181625922295, "deg": {"3": 600, "6": 300}, "pkl": "fa_30_dice_0.19_95.pkl", "t": 104.4291672706604}
{"L": 30, "iv": [[0, 6]], "h": 0.19, "seed": 96, "stage1": {"e": -0.6387374104054733, "m": 0.13333333333333333}, "e": -0.6387374104054733, "m": 0.13333333333333333, "F": -0.6640707437388066, "deg": {"3": 480, "4": 150, "5": 60, "6": 210}, "pkl": "fa_30_6_0.19_96.pkl", "t": 107.81314086914062}
{"L": 30, "iv": [[0, 12]], "h": 0.19, "seed": 97, "stage1": {"e": -0.6436820451742306, "m": 0.1}, "e": -0.6436820451742306, "m": 0.1, "F": -0.6626820451742307, "deg": {"3": 360, "4": 330, "5": 60, "6": 150}, "pkl": "fa_30_12_0.19_97.pkl", "t": 109.67932176589966}
{"L": 30, "iv": [[0, 18]], "h": 0.19, "seed": 98, "stage1": {"e": -0.648641505926319, "m": 0.06666666666666667}, "e": -0.648641505926319, "m": 0.06666666666666667, "F": -0.6613081725929856, "deg": {"3": 240, "4": 510, "5": 60, "6": 90}, "pkl": "fa_30_18_0.19_98.pkl", "t": 108.37230062484741}
{"L": 30, "iv": [[0, 24]], "h": 0.19, "seed": 99, "stage1": {"e": -0.6536413529385926, "m": 0.03333333333333333}, "e": -0.6536413529385926, "m": 0.03333333333333333, "F": -0.659974686271926, "deg": {"3": 120, "4": 690, "5": 60, "6": 30}, "pkl": "fa_30_24_0.19_99.pkl", "t": 107.12760162353516}
{"L": 30, "iv": [], "h": 0.21, "seed": 100, "stage1": {"e": -0.6331514959255629, "m": 0.16666666666666666}, "e": -0.6331514959255629, "m": 0.16666666666666666, "F": -0.6681514959255628, "deg": {"3": 600, "6": 300}, "pkl": "fa_30_dice_0.21_100.pkl", "t": 105.85738706588745}
{"L": 30, "iv": [[0, 6]], "h": 0.21, "seed": 101, "stage1": {"e": -0.6387374104054733, "m": 0.13333333333333333}, "e": -0.6387374104054733, "m": 0.13333333333333333, "F": -0.6667374104054733, "deg": {"3": 480, "4": 150, "5": 60, "6": 210}, "pkl": "fa_30_6_0.21_101.pkl", "t": 110.80338978767395}
{"L": 30, "iv": [[0, 12]], "h": 0.21, "seed": 102, "stage1": {"e": -0.6436820451742306, "m": 0.1}, "e": -0.6436820451742306, "m": 0.1, "F": -0.6646820451742306, "deg": {"3": 360, "4": 330, "5": 60, "6": 150}, "pkl": "fa_30_12_0.21_102.pkl", "t": 111.00523328781128}
{"L": 30, "iv": [[0, 18]], "h": 0.21, "seed": 103, "stage1": {"e": -0.648641505926319, "m": 0.06666666666666667}, "e": -0.648641505926319, "m": 0.06666666666666667, "F": -0.662641505926319, "deg": {"3": 240, "4": 510, "5": 60, "6": 90}, "pkl": "fa_30_18_0.21_103.pkl", "t": 106.64012789726257}
{"L": 30, "iv": [[0, 24]], "h": 0.21, "seed": 104, "stage1": {"e": -0.6536413529385926, "m": 0.03333333333333333}, "e": -0.6536413529385926, "m": 0.03333333333333333, "F": -0.6606413529385926, "deg": {"3": 120, "4": 690, "5": 60, "6": 30}, "pkl": "fa_30_24_0.21_104.pkl", "t": 106.25354170799255}
