3 3 0 42 2 {'0.05555555555555555': 1} 0s
3 3 1 45 1 {'0.05555555555555555': 1} 0s
3 3 2 45 1 {'0.05555555555555555': 1} 0s
3 4 0 113 4 {'0.08333333333333333': 1} 0s
3 4 1 116 5 {'0.08333333333333333': 1} 0s
3 4 2 113 4 {'0.08333333333333333': 1} 0s
4 3 0 113 4 {'0.08333333333333333': 1} 0s
4 3 1 113 4 {'0.08333333333333333': 1} 0s
4 3 2 129 1 {} 0s
4 3 3 129 1 {} 0s
4 4 0 417 1 {} 0s
3 6 0 860 14 {'0.05555555555555555': 1, '0.1111111111111111': 1} 0s
3 6 1 857 13 {'0.05555555555555555': 3, '0.1111111111111111': 1} 0s
3 6 2 857 13 {'0.05555555555555555': 3, '0.1111111111111111': 1} 0s
6 3 0 860 14 {'0.05555555555555555': 1, '0.1111111111111111': 1} 0s
6 3 1 809 5 {'0.05555555555555555': 4} 0s
6 3 2 809 5 {'0.05555555555555555': 4} 0s
6 3 3 860 14 {'0.05555555555555555': 1, '0.1111111111111111': 1} 0s
6 3 4 1133 4 {'0.05555555555555555': 2} 0s
6 3 5 1133 4 {'0.05555555555555555': 2} 0s
4 6 0 5793 15 {'0.041666666666666664': 4, '0.08333333333333333': 3} 3s
4 6 2 5793 15 {'0.041666666666666664': 4, '0.08333333333333333': 3} 3s
6 4 0 5793 15 {'0.041666666666666664': 4, '0.08333333333333333': 3} 3s
6 4 2 5793 15 {'0.041666666666666664': 4, '0.08333333333333333': 3} 3s
6 4 4 7248 41 {'0.041666666666666664': 6, '0.08333333333333333': 2} 3s
3 9 0 20706 42 {'0.05555555555555555': 6} 7s
9 3 0 20706 42 {'0.05555555555555555': 6} 4s
9 3 3 15162 36 {'0.05555555555555555': 7} 4s
9 3 6 20706 42 {'0.05555555555555555': 6} 4s
