{"L": 24, "iv": [], "h": 0.06, "seed": 1, "stage1": {"e": -0.6564120898689244, "m": 0.010416666666666666}, "e": -0.6563200220169308, "m": 0.012152777777777778, "F": -0.6570491886835975, "deg": {"3": 55, "4": 467, "5": 53, "6": 1}, "pkl": "fa_24_dice_0.06_1.pkl", "t": 47.52708697319031}
{"L": 24, "iv": [], "h": 0.06, "seed": 2, "stage1": {"e": -0.656246571889666, "m": 0.012152777777777778}, "e": -0.656246571889666, "m": 0.012152777777777778, "F": -0.6569757385563326, "deg": {"3": 59, "4": 458, "5": 59}, "pkl": "fa_24_dice_0.06_2.pkl", "t": 47.660860776901245}
{"L": 24, "iv": [[0, 6]], "h": 0.06, "seed": 3, "stage1": {"e": -0.6564104008126938, "m": 0.010416666666666666}, "e": -0.6563112083216099, "m": 0.012152777777777778, "F": -0.6570403749882767, "deg": {"3": 53, "4": 470, "5": 53}, "pkl": "fa_24_6_0.06_3.pkl", "t": 47.42995834350586}
{"L": 24, "iv": [[0, 6]], "h": 0.06, "seed": 4, "stage1": {"e": -0.6567141958700047, "m": 0.006944444444444444}, "e": -0.6564170582435236, "m": 0.012152777777777778, "F": -0.6571462249101903, "deg": {"3": 50, "4": 476, "5": 50}, "pkl": "fa_24_6_0.06_4.pkl", "t": 47.715134143829346}
{"L": 24, "iv": [[0, 12]], "h": 0.06, "seed": 5, "stage1": {"e": -0.6568433354002106, "m": 0.008680555555555556}, "e": -0.6564432040082333, "m": 0.015625, "F": -0.6573807040082333, "deg": {"3": 46, "4": 484, "5": 46}, "pkl": "fa_24_12_0.06_5.pkl", "t": 45.78227496147156}
{"L": 24, "iv": [[0, 12]], "h": 0.06, "seed": 6, "stage1": {"e": -0.6566703202506867, "m": 0.008680555555555556}, "e": -0.6562765641552828, "m": 0.015625, "F": -0.6572140641552828, "deg": {"3": 51, "4": 474, "5": 51}, "pkl": "fa_24_12_0.06_6.pkl", "t": 46.55296802520752}
{"L": 24, "iv": [[0, 18]], "h": 0.06, "seed": 7, "stage1": {"e": -0.6576944108353298, "m": 0.001736111111111111}, "e": -0.6575938384012772, "m": 0.003472222222222222, "F": -0.6578021717346105, "deg": {"3": 15, "4": 546, "5": 15}, "pkl": "fa_24_18_0.06_7.pkl", "t": 45.971312284469604}
{"L": 24, "iv": [[0, 18]], "h": 0.06, "seed": 8, "stage1": {"e": -0.6575243634221051, "m": 0.003472222222222222}, "e": -0.6574224127951193, "m": 0.005208333333333333, "F": -0.6577349127951193, "deg": {"3": 19, "4": 538, "5": 19}, "pkl": "fa_24_18_0.06_8.pkl", "t": 45.86433172225952}
{"L": 24, "iv": [], "h": 0.09, "seed": 9, "stage1": {"e": -0.6540605150490437, "m": 0.03819444444444445}, "e": -0.6543772594576934, "m": 0.034722222222222224, "F": -0.6575022594576935, "deg": {"3": 96, "4": 385, "5": 94, "6": 1}, "pkl": "fa_24_dice_0.09_9.pkl", "t": 48.889325857162476}
{"L": 24, "iv": [], "h": 0.09, "seed": 10, "stage1": {"e": -0.6543538125296187, "m": 0.034722222222222224}, "e": -0.6543609876699414, "m": 0.034722222222222224, "F": -0.6574859876699414, "deg": {"3": 98, "4": 380, "5": 98}, "pkl": "fa_24_dice_0.09_10.pkl", "t": 48.69893026351929}
{"L": 24, "iv": [[0, 6]], "h": 0.09, "seed": 11, "stage1": {"e": -0.6539876719016785, "m": 0.03993055555555555}, "e": -0.6544637456413818, "m": 0.034722222222222224, "F": -0.6575887456413817, "deg": {"3": 92, "4": 392, "5": 92}, "pkl": "fa_24_6_0.09_11.pkl", "t": 48.42926788330078}
{"L": 24, "iv": [[0, 6]], "h": 0.09, "seed": 12, "stage1": {"e": -0.6534549775082845, "m": 0.04513888888888889}, "e": -0.6536205207983203, "m": 0.043402777777777776, "F": -0.6575267707983203, "deg": {"3": 111, "4": 354, "5": 111}, "pkl": "fa_24_6_0.09_12.pkl", "t": 48.797107458114624}
{"L": 24, "iv": [[0, 12]], "h": 0.09, "seed": 13, "stage1": {"e": -0.6553208435474706, "m": 0.027777777777777776}, "e": -0.6553208435474706, "m": 0.027777777777777776, "F": -0.6578208435474706, "deg": {"3": 70, "4": 436, "5": 70}, "pkl": "fa_24_12_0.09_13.pkl", "t": 47.3058807849884}
{"L": 24, "iv": [[0, 12]], "h": 0.09, "seed": 14, "stage1": {"e": -0.6549612641056142, "m": 0.03125}, "e": -0.6551185952967026, "m": 0.029513888888888888, "F": -0.6577748452967025, "deg": {"3": 73, "4": 430, "5": 73}, "pkl": "fa_24_12_0.09_14.pkl", "t": 47.3523895740509}
{"L": 24, "iv": [[0, 18]], "h": 0.09, "seed": 15, "stage1": {"e": -0.656583666218493, "m": 0.015625}, "e": -0.656583666218493, "m": 0.015625, "F": -0.657989916218493, "deg": {"3": 36, "4": 504, "5": 36}, "pkl": "fa_24_18_0.09_15.pkl", "t": 46.619125843048096}
{"L": 24, "iv": [[0, 18]], "h": 0.09, "seed": 16, "stage1": {"e": -0.6564223541343197, "m": 0.017361111111111112}, "e": -0.6564223541343197, "m": 0.017361111111111112, "F": -0.6579848541343196, "deg": {"3": 40, "4": 496, "5": 40}, "pkl": "fa_24_18_0.09_16.pkl", "t": 46.53193378448486}
{"L": 24, "iv": [], "h": 0.11, "seed": 17, "stage1": {"e": -0.651947687477238, "m": 0.05555555555555555}, "e": -0.6523663180452712, "m": 0.052083333333333336, "F": -0.6580954847119379, "deg": {"3": 137, "4": 305, "5": 131, "6": 3}, "pkl": "fa_24_dice_0.11_17.pkl", "t": 48.65759468078613}
{"L": 24, "iv": [], "h": 0.11, "seed": 18, "stage1": {"e": -0.6517609512551992, "m": 0.057291666666666664}, "e": -0.6519620860913725, "m": 0.05555555555555555, "F": -0.6580731972024836, "deg": {"3": 145, "4": 291, "5": 135, "6": 5}, "pkl": "fa_24_dice_0.11_18.pkl", "t": 49.68783450126648}
{"L": 24, "iv": [[0, 6]], "h": 0.11, "seed": 19, "stage1": {"e": -0.6516067635639203, "m": 0.059027777777777776}, "e": -0.6522027251829725, "m": 0.05381944444444445, "F": -0.6581228640718614, "deg": {"3": 139, "4": 301, "5": 133, "6": 3}, "pkl": "fa_24_6_0.11_19.pkl", "t": 49.63356637954712}
{"L": 24, "iv": [[0, 6]], "h": 0.11, "seed": 20, "stage1": {"e": -0.652305257838527, "m": 0.052083333333333336}, "e": -0.652914019599979, "m": 0.046875, "F": -0.6580702695999789, "deg": {"3": 126, "4": 326, "5": 122, "6": 2}, "pkl": "fa_24_6_0.11_20.pkl", "t": 49.121275901794434}
{"L": 24, "iv": [[0, 12]], "h": 0.11, "seed": 22, "stage1": {"e": -0.6543342678618953, "m": 0.036458333333333336}, "e": -0.6545357746352229, "m": 0.034722222222222224, "F": -0.6583552190796673, "deg": {"3": 85, "4": 407, "5": 83, "6": 1}, "pkl": "fa_24_12_0.11_22.pkl", "t": 46.70243859291077}
{"L": 24, "iv": [[0, 12]], "h": 0.11, "seed": 21, "stage1": {"e": -0.6539872137253165, "m": 0.03993055555555555}, "e": -0.6539872137253165, "m": 0.03993055555555555, "F": -0.6583795748364276, "deg": {"3": 97, "4": 382, "5": 97}, "pkl": "fa_24_12_0.11_21.pkl", "t": 48.18208026885986}
{"L": 24, "iv": [[0, 18]], "h": 0.11, "seed": 24, "stage1": {"e": -0.6559930429132996, "m": 0.020833333333333332}, "e": -0.6559930429132996, "m": 0.020833333333333332, "F": -0.6582847095799663, "deg": {"3": 48, "4": 480, "5": 48}, "pkl": "fa_24_18_0.11_24.pkl", "t": 45.892043113708496}
{"L": 24, "iv": [[0, 18]], "h": 0.11, "seed": 23, "stage1": {"e": -0.6556667822096401, "m": 0.024305555555555556}, "e": -0.6556667822096401, "m": 0.024305555555555556, "F": -0.6583403933207513, "deg": {"3": 56, "4": 464, "5": 56}, "pkl": "fa_24_18_0.11_23.pkl", "t": 46.11112380027771}
{"L": 24, "iv": [], "h": 0.13, "seed": 26, "stage1": {"e": -0.6512879611105069, "m": 0.06076388888888889}, "e": -0.6519067119231315, "m": 0.057291666666666664, "F": -0.6593546285897982, "deg": {"3": 143, "4": 296, "5": 131, "6": 6}, "pkl": "fa_24_dice_0.13_26.pkl", "t": 49.845418214797974}
{"L": 24, "iv": [], "h": 0.13, "seed": 25, "stage1": {"e": -0.6508482442133369, "m": 0.0642361111111111}, "e": -0.6508482442133369, "m": 0.0642361111111111, "F": -0.6591989386577812, "deg": {"3": 162, "4": 263, "5": 140, "6": 11}, "pkl": "fa_24_dice_0.13_25.pkl", "t": 49.32610464096069}
{"L": 24, "iv": [[0, 6]], "h": 0.13, "seed": 28, "stage1": {"e": -0.6529011148874324, "m": 0.04861111111111111}, "e": -0.6529011148874324, "m": 0.04861111111111111, "F": -0.6592205593318768, "deg": {"3": 122, "4": 336, "5": 114, "6": 4}, "pkl": "fa_24_6_0.13_28.pkl", "t": 48.49420118331909}
{"L": 24, "iv": [[0, 6]], "h": 0.13, "seed": 27, "stage1": {"e": -0.6523185344104829, "m": 0.05381944444444445}, "e": -0.6520873840791221, "m": 0.05555555555555555, "F": -0.6593096063013444, "deg": {"3": 138, "4": 307, "5": 124, "6": 7}, "pkl": "fa_24_6_0.13_27.pkl", "t": 49.40517067909241}
{"L": 24, "iv": [[0, 12]], "h": 0.13, "seed": 30, "stage1": {"e": -0.6528129001434698, "m": 0.050347222222222224}, "e": -0.6528129001434698, "m": 0.050347222222222224, "F": -0.6593580390323587, "deg": {"3": 117, "4": 347, "5": 107, "6": 5}, "pkl": "fa_24_12_0.13_30.pkl", "t": 48.630610704422}
{"L": 24, "iv": [[0, 12]], "h": 0.13, "seed": 29, "stage1": {"e": -0.6535069599230807, "m": 0.043402777777777776}, "e": -0.6532640049074746, "m": 0.04513888888888889, "F": -0.6591320604630302, "deg": {"3": 108, "4": 364, "5": 100, "6": 4}, "pkl": "fa_24_12_0.13_29.pkl", "t": 48.79557418823242}
{"L": 24, "iv": [[0, 18]], "h": 0.13, "seed": 32, "stage1": {"e": -0.6555644172342137, "m": 0.024305555555555556}, "e": -0.6555644172342137, "m": 0.024305555555555556, "F": -0.6587241394564358, "deg": {"3": 57, "4": 462, "5": 57}, "pkl": "fa_24_18_0.13_32.pkl", "t": 46.779977560043335}
{"L": 24, "iv": [[0, 18]], "h": 0.13, "seed": 31, "stage1": {"e": -0.6556189909695176, "m": 0.024305555555555556}, "e": -0.6556189909695176, "m": 0.024305555555555556, "F": -0.6587787131917398, "deg": {"3": 56, "4": 465, "5": 54, "6": 1}, "pkl": "fa_24_18_0.13_31.pkl", "t": 47.62381196022034}
{"L": 24, "iv": [], "h": 0.15, "seed": 34, "stage1": {"e": -0.6501731369619436, "m": 0.07118055555555555}, "e": -0.649932370284499, "m": 0.07291666666666667, "F": -0.6608698702844991, "deg": {"3": 172, "4": 247, "5": 142, "6": 15}, "pkl": "fa_24_dice_0.15_34.pkl", "t": 50.63804364204407}
{"L": 24, "iv": [], "h": 0.15, "seed": 33, "stage1": {"e": -0.6486940273498983, "m": 0.078125}, "e": -0.6486894747219968, "m": 0.078125, "F": -0.6604082247219968, "deg": {"3": 198, "4": 204, "5": 150, "6": 24}, "pkl": "fa_24_dice_0.15_33.pkl", "t": 49.995065212249756}
{"L": 24, "iv": [[0, 6]], "h": 0.15, "seed": 36, "stage1": {"e": -0.6493768369476915, "m": 0.0763888888888889}, "e": -0.6493768369476915, "m": 0.0763888888888889, "F": -0.6608351702810249, "deg": {"3": 181, "4": 232, "5": 145, "6": 18}, "pkl": "fa_24_6_0.15_36.pkl", "t": 50.110448122024536}
{"L": 24, "iv": [[0, 6]], "h": 0.15, "seed": 35, "stage1": {"e": -0.6502611343327067, "m": 0.06770833333333333}, "e": -0.6502611343327067, "m": 0.06770833333333333, "F": -0.6604173843327067, "deg": {"3": 163, "4": 270, "5": 123, "6": 20}, "pkl": "fa_24_6_0.15_35.pkl", "t": 49.25415349006653}
{"L": 24, "iv": [[0, 12]], "h": 0.15, "seed": 38, "stage1": {"e": -0.6518082545719796, "m": 0.05555555555555555}, "e": -0.6518082545719796, "m": 0.05555555555555555, "F": -0.6601415879053129, "deg": {"3": 129, "4": 331, "5": 103, "6": 13}, "pkl": "fa_24_12_0.15_38.pkl", "t": 47.42763066291809}
{"L": 24, "iv": [[0, 12]], "h": 0.15, "seed": 37, "stage1": {"e": -0.653071498349734, "m": 0.046875}, "e": -0.6523864890992008, "m": 0.052083333333333336, "F": -0.6601989890992008, "deg": {"3": 121, "4": 343, "5": 103, "6": 9}, "pkl": "fa_24_12_0.15_37.pkl", "t": 48.49031186103821}
{"L": 24, "iv": [[0, 18]], "h": 0.15, "seed": 40, "stage1": {"e": -0.6554257894732307, "m": 0.026041666666666668}, "e": -0.6554257894732307, "m": 0.026041666666666668, "F": -0.6593320394732307, "deg": {"3": 60, "4": 456, "5": 60}, "pkl": "fa_24_18_0.15_40.pkl", "t": 46.15132141113281}
{"L": 24, "iv": [[0, 18]], "h": 0.15, "seed": 39, "stage1": {"e": -0.654794359584716, "m": 0.03125}, "e": -0.654794359584716, "m": 0.03125, "F": -0.659481859584716, "deg": {"3": 72, "4": 433, "5": 70, "6": 1}, "pkl": "fa_24_18_0.15_39.pkl", "t": 46.37947988510132}
{"L": 24, "iv": [], "h": 0.17, "seed": 42, "stage1": {"e": -0.6439231154651771, "m": 0.1076388888888889}, "e": -0.6444787250695279, "m": 0.10416666666666667, "F": -0.6621870584028612, "deg": {"3": 243, "4": 163, "5": 97, "6": 73}, "pkl": "fa_24_dice_0.17_42.pkl", "t": 51.00147032737732}
{"L": 24, "iv": [], "h": 0.17, "seed": 41, "stage1": {"e": -0.6473009982846584, "m": 0.08854166666666667}, "e": -0.6475824291218042, "m": 0.08680555555555555, "F": -0.6623393735662486, "deg": {"3": 203, "4": 209, "5": 125, "6": 39}, "pkl": "fa_24_dice_0.17_41.pkl", "t": 50.18489909172058}
{"L": 24, "iv": [[0, 6]], "h": 0.17, "seed": 44, "stage1": {"e": -0.6484334328962058, "m": 0.0798611111111111}, "e": -0.6484334328962058, "m": 0.0798611111111111, "F": -0.6620098217850947, "deg": {"3": 185, "4": 243, "5": 111, "6": 37}, "pkl": "fa_24_6_0.17_44.pkl", "t": 49.54729771614075}
{"L": 24, "iv": [[0, 6]], "h": 0.17, "seed": 43, "stage1": {"e": -0.6490692171161933, "m": 0.078125}, "e": -0.6490692171161933, "m": 0.078125, "F": -0.6623504671161933, "deg": {"3": 182, "4": 237, "5": 132, "6": 25}, "pkl": "fa_24_6_0.17_43.pkl", "t": 49.18683886528015}
{"L": 24, "iv": [[0, 12]], "h": 0.17, "seed": 46, "stage1": {"e": -0.6520720864238588, "m": 0.052083333333333336}, "e": -0.6520720864238588, "m": 0.052083333333333336, "F": -0.6609262530905256, "deg": {"3": 121, "4": 351, "5": 87, "6": 17}, "pkl": "fa_24_12_0.17_46.pkl", "t": 47.94045448303223}
{"L": 24, "iv": [[0, 12]], "h": 0.17, "seed": 45, "stage1": {"e": -0.6522502088833106, "m": 0.052083333333333336}, "e": -0.6520482546101048, "m": 0.05381944444444445, "F": -0.6611975601656604, "deg": {"3": 124, "4": 342, "5": 96, "6": 14}, "pkl": "fa_24_12_0.17_45.pkl", "t": 47.95706295967102}
{"L": 24, "iv": [[0, 18]], "h": 0.17, "seed": 48, "stage1": {"e": -0.6549640269971877, "m": 0.029513888888888888}, "e": -0.6548348207438767, "m": 0.03125, "F": -0.6601473207438766, "deg": {"3": 72, "4": 432, "5": 72}, "pkl": "fa_24_18_0.17_48.pkl", "t": 47.65795946121216}
{"L": 24, "iv": [[0, 18]], "h": 0.17, "seed": 47, "stage1": {"e": -0.6547832301944282, "m": 0.03125}, "e": -0.6547832301944282, "m": 0.03125, "F": -0.6600957301944281, "deg": {"3": 72, "4": 433, "5": 70, "6": 1}, "pkl": "fa_24_18_0.17_47.pkl", "t": 47.43018889427185}
{"L": 24, "iv": [], "h": 0.19, "seed": 49, "stage1": {"e": -0.633151505212208, "m": 0.16666666666666666}, "e": -0.633151505212208, "m": 0.16666666666666666, "F": -0.6648181718788746, "deg": {"3": 384, "6": 192}, "pkl": "fa_24_dice_0.19_49.pkl", "t": 45.83983659744263}
{"L": 24, "iv": [], "h": 0.19, "seed": 50, "stage1": {"e": -0.633151505212208, "m": 0.16666666666666666}, "e": -0.633151505212208, "m": 0.16666666666666666, "F": -0.6648181718788746, "deg": {"3": 384, "6": 192}, "pkl": "fa_24_dice_0.19_50.pkl", "t": 46.67007803916931}
{"L": 24, "iv": [[0, 6]], "h": 0.19, "seed": 51, "stage1": {"e": -0.6401344235861672, "m": 0.125}, "e": -0.6401344235861672, "m": 0.125, "F": -0.6638844235861672, "deg": {"3": 288, "4": 120, "5": 48, "6": 120}, "pkl": "fa_24_6_0.19_51.pkl", "t": 46.777313470840454}
{"L": 24, "iv": [[0, 6]], "h": 0.19, "seed": 52, "stage1": {"e": -0.6401344235861672, "m": 0.125}, "e": -0.6401344235861672, "m": 0.125, "F": -0.6638844235861672, "deg": {"3": 288, "4": 120, "5": 48, "6": 120}, "pkl": "fa_24_6_0.19_52.pkl", "t": 47.00918364524841}
{"L": 24, "iv": [[0, 12]], "h": 0.19, "seed": 54, "stage1": {"e": -0.6463219337498513, "m": 0.08333333333333333}, "e": -0.6463219337498513, "m": 0.08333333333333333, "F": -0.6621552670831846, "deg": {"3": 192, "4": 264, "5": 48, "6": 72}, "pkl": "fa_24_12_0.19_54.pkl", "t": 46.59663414955139}
{"L": 24, "iv": [[0, 12]], "h": 0.19, "seed": 53, "stage1": {"e": -0.6463219337498513, "m": 0.08333333333333333}, "e": -0.6463219337498513, "m": 0.08333333333333333, "F": -0.6621552670831846, "deg": {"3": 192, "4": 264, "5": 48, "6": 72}, "pkl": "fa_24_12_0.19_53.pkl", "t": 47.28968572616577}
{"L": 24, "iv": [[0, 18]], "h": 0.19, "seed": 56, "stage1": {"e": -0.6525746700091527, "m": 0.041666666666666664}, "e": -0.6525746700091527, "m": 0.041666666666666664, "F": -0.6604913366758194, "deg": {"3": 96, "4": 408, "5": 48, "6": 24}, "pkl": "fa_24_18_0.19_56.pkl", "t": 46.13409233093262}
{"L": 24, "iv": [[0, 18]], "h": 0.19, "seed": 55, "stage1": {"e": -0.6525746700091527, "m": 0.041666666666666664}, "e": -0.6525746700091527, "m": 0.041666666666666664, "F": -0.6604913366758194, "deg": {"3": 96, "4": 408, "5": 48, "6": 24}, "pkl": "fa_24_18_0.19_55.pkl", "t": 45.942479372024536}
{"L": 24, "iv": [], "h": 0.21, "seed": 58, "stage1": {"e": -0.633151505212208, "m": 0.16666666666666666}, "e": -0.633151505212208, "m": 0.16666666666666666, "F": -0.668151505212208, "deg": {"3": 384, "6": 192}, "pkl": "fa_24_dice_0.21_58.pkl", "t": 45.197614431381226}
{"L": 24, "iv": [], "h": 0.21, "seed": 57, "stage1": {"e": -0.633151505212208, "m": 0.16666666666666666}, "e": -0.633151505212208, "m": 0.16666666666666666, "F": -0.668151505212208, "deg": {"3": 384, "6": 192}, "pkl": "fa_24_dice_0.21_57.pkl", "t": 46.96179461479187}
{"L": 24, "iv": [[0, 6]], "h": 0.21, "seed": 60, "stage1": {"e": -0.6401344235861672, "m": 0.125}, "e": -0.6401344235861672, "m": 0.125, "F": -0.6663844235861672, "deg": {"3": 288, "4": 120, "5": 48, "6": 120}, "pkl": "fa_24_6_0.21_60.pkl", "t": 48.44513416290283}
{"L": 24, "iv": [[0, 6]], "h": 0.21, "seed": 59, "stage1": {"e": -0.6401344235861672, "m": 0.125}, "e": -0.6401344235861672, "m": 0.125, "F": -0.6663844235861672, "deg": {"3": 288, "4": 120, "5": 48, "6": 120}, "pkl": "fa_24_6_0.21_59.pkl", "t": 49.0141487121582}
{"L": 24, "iv": [[0, 12]], "h": 0.21, "seed": 62, "stage1": {"e": -0.6503571163668693, "m": 0.06597222222222222}, "e": -0.6503571163668693, "m": 0.06597222222222222, "F": -0.664211283033536, "deg": {"3": 152, "4": 293, "5": 110, "6": 21}, "pkl": "fa_24_12_0.21_62.pkl", "t": 50.185380935668945}
{"L": 24, "iv": [[0, 12]], "h": 0.21, "seed": 61, "stage1": {"e": -0.6463219337498513, "m": 0.08333333333333333}, "e": -0.6463219337498513, "m": 0.08333333333333333, "F": -0.6638219337498512, "deg": {"3": 192, "4": 264, "5": 48, "6": 72}, "pkl": "fa_24_12_0.21_61.pkl", "t": 48.325520515441895}
{"L": 24, "iv": [[0, 18]], "h": 0.21, "seed": 63, "stage1": {"e": -0.6525746700091527, "m": 0.041666666666666664}, "e": -0.6525746700091527, "m": 0.041666666666666664, "F": -0.6613246700091527, "deg": {"3": 96, "4": 408, "5": 48, "6": 24}, "pkl": "fa_24_18_0.21_63.pkl", "t": 46.526891469955444}
{"L": 24, "iv": [[0, 18]], "h": 0.21, "seed": 64, "stage1": {"e": -0.6541624763521019, "m": 0.036458333333333336}, "e": -0.6541624763521019, "m": 0.036458333333333336, "F": -0.6618187263521019, "deg": {"3": 84, "4": 409, "5": 82, "6": 1}, "pkl": "fa_24_18_0.21_64.pkl", "t": 47.335331201553345}
